                 shape rows       default       k64n128       k128n64      k128n128       k64n256          bps2  k64n128-bps2  k128n64-bps2
      5120x1024 K5 x32   16          18.9          23.6          18.9          23.4          39.4          23.2          33.4          23.2
      5120x1024 K5 x32   17          23.5          31.6          23.4          30.6          56.2          23.5          46.4          23.4
      5120x1024 K5 x32   24          23.8          32.3          23.9          30.8          56.9          23.9          47.1          23.9
      5120x1024 K5 x32   32          24.2          33.1          24.2          31.5          50.5          21.1          40.7          21.1
      5120x1024 K5 x32   48          26.4          37.7          26.4          35.3          67.8          26.4          57.3          26.4
      5120x6144 K3 x29   16          32.0          31.9          34.8          30.5          31.5          29.8          29.7          29.8
      5120x6144 K3 x29   17          48.3          52.7          55.3          49.5          53.0          73.1          47.1          45.4
      5120x6144 K3 x29   24          50.5          50.9          53.1          47.4          51.2          72.9          47.2          46.0
      5120x6144 K3 x29   32          51.9          52.2          54.1          48.6          53.2          75.5          48.2          47.0
      5120x6144 K3 x29   48          73.8          72.0          69.6          63.7          73.3          73.7          63.7          68.7
      5120x6144 K4 x19   16          30.8          30.8          32.0          30.9          32.6          31.7          31.6          31.5
      5120x6144 K4 x19   17          44.7          48.5          51.1          45.3          47.6          47.6          46.8          46.0
      5120x6144 K4 x19   24          47.7          47.7          51.0          45.1          47.8          47.8          46.9          47.0
      5120x6144 K4 x19   32          48.8          49.3          51.9          46.4          49.1          49.2          48.0          48.2
      5120x6144 K4 x19   48          72.6          69.3          68.8          63.3          71.0          70.1          63.3          66.5
     5120x10240 K3 x35   16          48.8          47.3          52.1          45.7          47.0          45.8          45.8          48.4
     5120x10240 K3 x35   17          77.6          81.6          83.4          68.6          72.8          86.8          68.6          67.4
     5120x10240 K3 x35   24          72.7          79.2          82.5          68.6          73.2          87.7          68.5          69.2
     5120x10240 K3 x35   32          74.6          79.5          82.6          69.0          73.4          88.2          68.8          69.5
     5120x10240 K3 x35   48         106.3         109.4         110.3          96.1         104.4         103.4          94.9         109.4
     5120x10240 K4 x13   16          46.1          44.4          48.4          42.8          45.9          45.3          45.4          46.5
     5120x10240 K4 x13   17          70.9          75.7          79.7          65.2          67.9          67.4          67.5          67.5
     5120x10240 K4 x13   24          68.2          74.0          78.8          64.3          67.8          68.2          68.5          69.9
     5120x10240 K4 x13   32          69.2          74.9          79.9          64.9          68.6          67.4          67.1          69.5
     5120x10240 K4 x13   48          99.7         102.8         105.1          89.5          99.5          98.0          92.9         105.3
     5120x12288 K3 x12   16          57.7          57.5          64.1          56.5          54.7          51.9          52.0          57.2
     5120x12288 K3 x12   17          92.0          98.1          98.0          85.1          84.2          97.9          80.2          81.4
     5120x12288 K3 x12   24          87.2          95.9          97.5          84.5          83.7          98.5          79.4          81.2
     5120x12288 K3 x12   32          87.0          98.5         100.6          87.5          86.1         100.8          81.3          82.3
     5120x12288 K3 x12   48         124.1         134.5         132.6         118.6         119.5         118.4         113.6         133.4
      5120x12288 K4 x4   16          54.5          53.3          61.9          53.9          54.3          53.7          53.7          54.7
      5120x12288 K4 x4   17          84.4          91.6          93.6          80.5          78.9          79.0          79.8          81.5
      5120x12288 K4 x4   24          81.3          89.8          94.1          80.4          79.1          79.1          79.6          81.4
      5120x12288 K4 x4   32          81.6          90.9          96.5          82.2          80.7          81.3          81.2          82.6
      5120x12288 K4 x4   48         116.5         125.7         128.3         113.5         112.2         112.8         112.1         128.2
     5120x17408 K3 x70   16          76.4          76.4          89.2          76.3          72.3          70.0          71.7          78.8
     5120x17408 K3 x70   17         121.5         131.9         131.8         114.7         112.7         126.0         108.3         111.5
     5120x17408 K3 x70   24         118.4         131.6         133.1         116.3         114.4         127.4         109.6         115.4
     5120x17408 K3 x70   32         120.1         135.9         136.7         119.0         118.4         131.2         113.0         119.4
     5120x17408 K3 x70   48         164.4         181.3         177.5         165.1         162.0         161.0         155.2         186.8
     5120x17408 K4 x54   16          71.6          71.7          82.9          73.0          70.6          71.1          71.7          75.9
     5120x17408 K4 x54   17         113.0         121.0         125.1         108.7         105.1         105.2         107.2         112.3
     5120x17408 K4 x54   24         108.3         120.9         127.1         110.0         106.5         108.7         109.2         114.6
     5120x17408 K4 x54   32         110.5         124.4         130.7         113.6         109.4         109.5         112.2         118.8
     5120x17408 K4 x54   48         155.1         171.3         173.1         157.1         152.0         152.0         152.6         176.1
       6144x5120 K3 x6   16          35.9          34.5          36.2          31.4          34.4          32.5          32.5          32.6
       6144x5120 K3 x6   17          52.5          52.9          52.6          46.5          52.6          46.3          48.1          46.3
       6144x5120 K3 x6   24          52.1          52.4          52.3          46.5          52.8          47.5          48.7          47.1
       6144x5120 K3 x6   32          53.1          54.0          53.1          47.8          54.3          47.4          49.3          47.8
       6144x5120 K3 x6   48          69.6          75.7          69.1          64.0          76.6          68.4          65.7          68.9
      6144x5120 K4 x58   16          32.0          31.6          32.0          30.1          34.5          33.3          33.3          32.2
      6144x5120 K4 x58   17          49.7          49.1          49.8          44.1          48.9          45.1          47.3          45.0
      6144x5120 K4 x58   24          49.3          48.4          49.7          43.6          49.0          45.9          48.0          46.3
      6144x5120 K4 x58   32          50.2          49.8          50.2          44.7          50.4          47.3          48.7          46.9
      6144x5120 K4 x58   48          66.2          71.1          66.2          61.1          72.7          65.4          65.1          65.4
     17408x5120 K3 x19   16          73.7          73.9          82.8          75.8          79.2          74.6          75.0          77.0
     17408x5120 K3 x19   17         135.3         131.4         127.5         113.6         120.5         110.7         114.8         112.7
     17408x5120 K3 x19   24         130.0         127.1         126.8         114.1         121.7         111.7         114.0         114.7
     17408x5120 K3 x19   32         129.9         129.5         126.7         114.3         123.7         111.9         114.9         114.7
     17408x5120 K3 x19   48         173.9         174.6         168.3         157.1         168.2         168.4         159.2         170.6
     17408x5120 K4 x45   16          70.1          69.0          74.3          71.9          74.9          73.3          73.3          73.3
     17408x5120 K4 x45   17         128.9         122.2         122.6         106.7         111.8         109.6         111.2         110.5
     17408x5120 K4 x45   24         121.8         118.3         120.7         107.6         112.9         110.8         113.4         112.6
     17408x5120 K4 x45   32         122.1         119.6         120.1         107.2         112.7         111.7         113.2         110.8
     17408x5120 K4 x45   48         168.8         164.8         162.0         148.9         158.7         160.7         155.2         160.9

model sum (target pass, lm_head excluded) per knob, ms:
  rows  16: default   21.18 k64n128   21.17 k128n64   23.40 k128n128   21.16 k64n256   21.86 bps2   20.82 k64n128-bps2   21.31 k128n64-bps2   21.85  | best bps2
  rows  17: default   34.26 k64n128   35.77 k128n64   35.96 k128n128   31.56 k64n256   33.04 bps2   33.60 k64n128-bps2   31.88 k128n64-bps2   31.35  | best k128n64-bps2
  rows  24: default   33.20 k64n128   35.26 k128n64   35.95 k128n128   31.69 k64n256   33.29 bps2   34.08 k64n128-bps2   32.24 k128n64-bps2   32.10  | best k128n128
  rows  32: default   33.65 k64n128   36.09 k128n64   36.51 k128n128   32.28 k64n256   33.78 bps2   34.58 k64n128-bps2   32.56 k128n64-bps2   32.56  | best k128n128
  rows  48: default   46.38 k64n128   49.15 k128n64   48.02 k128n128   44.23 k64n256   47.04 bps2   45.19 k64n128-bps2   44.50 k128n64-bps2   48.68  | best k128n128
