........................................................................ [ 90%]
........                                                                 [100%]
==================================== PASSES ====================================
=========================== short test summary info ============================
PASSED tests/gpu/test_kernel_guards.py::test_guard_case[x_noncontig-IQ3_S-lcpp_mmvq]
PASSED tests/gpu/test_kernel_guards.py::test_guard_case[x_noncontig-IQ4_XS-lcpp_mmvq]
PASSED tests/gpu/test_kernel_guards.py::test_guard_case[x_noncontig-Q4_K-lcpp_mmvq]
PASSED tests/gpu/test_kernel_guards.py::test_guard_case[x_noncontig-IQ3_S-lcpp_mmq]
PASSED tests/gpu/test_kernel_guards.py::test_guard_case[x_noncontig-IQ3_XXS-lcpp_mmq]
PASSED tests/gpu/test_kernel_guards.py::test_guard_case[x_noncontig-Q2_K-lcpp_mmq]
PASSED tests/gpu/test_kernel_guards.py::test_guard_case[x_noncontig-Q4_K-lcpp_mmq]
PASSED tests/gpu/test_kernel_guards.py::test_guard_case[x_noncontig-Q6_K-lcpp_mmq]
PASSED tests/gpu/test_kernel_guards.py::test_guard_case[x_noncontig-IQ3_S-lcpp_iq3]
PASSED tests/gpu/test_kernel_guards.py::test_guard_case[x_noncontig-IQ3_XXS-lcpp_iq3]
PASSED tests/gpu/test_kernel_guards.py::test_guard_case[x_misaligned-IQ3_S-lcpp_mmvq]
PASSED tests/gpu/test_kernel_guards.py::test_guard_case[x_misaligned-IQ4_XS-lcpp_mmvq]
PASSED tests/gpu/test_kernel_guards.py::test_guard_case[x_misaligned-Q4_K-lcpp_mmvq]
PASSED tests/gpu/test_kernel_guards.py::test_guard_case[x_misaligned-IQ3_S-lcpp_mmq]
PASSED tests/gpu/test_kernel_guards.py::test_guard_case[x_misaligned-IQ3_XXS-lcpp_mmq]
PASSED tests/gpu/test_kernel_guards.py::test_guard_case[x_misaligned-Q2_K-lcpp_mmq]
PASSED tests/gpu/test_kernel_guards.py::test_guard_case[x_misaligned-Q4_K-lcpp_mmq]
PASSED tests/gpu/test_kernel_guards.py::test_guard_case[x_misaligned-Q6_K-lcpp_mmq]
PASSED tests/gpu/test_kernel_guards.py::test_guard_case[x_misaligned-IQ3_S-lcpp_iq3]
PASSED tests/gpu/test_kernel_guards.py::test_guard_case[x_misaligned-IQ3_XXS-lcpp_iq3]
PASSED tests/gpu/test_kernel_guards.py::test_guard_case[x_rowstride-IQ3_S-lcpp_mmvq]
PASSED tests/gpu/test_kernel_guards.py::test_guard_case[x_rowstride-IQ4_XS-lcpp_mmvq]
PASSED tests/gpu/test_kernel_guards.py::test_guard_case[x_rowstride-Q4_K-lcpp_mmvq]
PASSED tests/gpu/test_kernel_guards.py::test_guard_case[x_rowstride-IQ3_S-lcpp_mmq]
PASSED tests/gpu/test_kernel_guards.py::test_guard_case[x_rowstride-IQ3_XXS-lcpp_mmq]
PASSED tests/gpu/test_kernel_guards.py::test_guard_case[x_rowstride-Q2_K-lcpp_mmq]
PASSED tests/gpu/test_kernel_guards.py::test_guard_case[x_rowstride-Q4_K-lcpp_mmq]
PASSED tests/gpu/test_kernel_guards.py::test_guard_case[x_rowstride-Q6_K-lcpp_mmq]
PASSED tests/gpu/test_kernel_guards.py::test_guard_case[x_rowstride-IQ3_S-lcpp_iq3]
PASSED tests/gpu/test_kernel_guards.py::test_guard_case[x_rowstride-IQ3_XXS-lcpp_iq3]
PASSED tests/gpu/test_kernel_guards.py::test_guard_case[w_narrow_view-IQ3_S-lcpp_mmvq]
PASSED tests/gpu/test_kernel_guards.py::test_guard_case[w_narrow_view-IQ4_XS-lcpp_mmvq]
PASSED tests/gpu/test_kernel_guards.py::test_guard_case[w_narrow_view-Q4_K-lcpp_mmvq]
PASSED tests/gpu/test_kernel_guards.py::test_guard_case[w_narrow_view-IQ3_S-lcpp_mmq]
PASSED tests/gpu/test_kernel_guards.py::test_guard_case[w_narrow_view-IQ3_XXS-lcpp_mmq]
PASSED tests/gpu/test_kernel_guards.py::test_guard_case[w_narrow_view-Q2_K-lcpp_mmq]
PASSED tests/gpu/test_kernel_guards.py::test_guard_case[w_narrow_view-Q4_K-lcpp_mmq]
PASSED tests/gpu/test_kernel_guards.py::test_guard_case[w_narrow_view-Q6_K-lcpp_mmq]
PASSED tests/gpu/test_kernel_guards.py::test_guard_case[w_narrow_view-IQ3_S-lcpp_iq3]
PASSED tests/gpu/test_kernel_guards.py::test_guard_case[w_narrow_view-IQ3_XXS-lcpp_iq3]
PASSED tests/gpu/test_kernel_guards.py::test_guard_case[w_misaligned-IQ3_S-lcpp_mmvq]
PASSED tests/gpu/test_kernel_guards.py::test_guard_case[w_misaligned-IQ4_XS-lcpp_mmvq]
PASSED tests/gpu/test_kernel_guards.py::test_guard_case[w_misaligned-Q4_K-lcpp_mmvq]
PASSED tests/gpu/test_kernel_guards.py::test_guard_case[w_misaligned-IQ3_S-lcpp_mmq]
PASSED tests/gpu/test_kernel_guards.py::test_guard_case[w_misaligned-IQ3_XXS-lcpp_mmq]
PASSED tests/gpu/test_kernel_guards.py::test_guard_case[w_misaligned-Q2_K-lcpp_mmq]
PASSED tests/gpu/test_kernel_guards.py::test_guard_case[w_misaligned-Q4_K-lcpp_mmq]
PASSED tests/gpu/test_kernel_guards.py::test_guard_case[w_misaligned-Q6_K-lcpp_mmq]
PASSED tests/gpu/test_kernel_guards.py::test_guard_case[w_misaligned-IQ3_S-lcpp_iq3]
PASSED tests/gpu/test_kernel_guards.py::test_guard_case[w_misaligned-IQ3_XXS-lcpp_iq3]
PASSED tests/gpu/test_kernel_guards.py::test_guard_case[row_too_big-IQ3_S-lcpp_mmvq]
PASSED tests/gpu/test_kernel_guards.py::test_guard_case[row_too_big-IQ4_XS-lcpp_mmvq]
PASSED tests/gpu/test_kernel_guards.py::test_guard_case[row_too_big-Q4_K-lcpp_mmvq]
PASSED tests/gpu/test_kernel_guards.py::test_guard_case[row_too_big-IQ3_S-lcpp_mmq]
PASSED tests/gpu/test_kernel_guards.py::test_guard_case[row_too_big-IQ3_XXS-lcpp_mmq]
PASSED tests/gpu/test_kernel_guards.py::test_guard_case[row_too_big-Q2_K-lcpp_mmq]
PASSED tests/gpu/test_kernel_guards.py::test_guard_case[row_too_big-Q4_K-lcpp_mmq]
PASSED tests/gpu/test_kernel_guards.py::test_guard_case[row_too_big-Q6_K-lcpp_mmq]
PASSED tests/gpu/test_kernel_guards.py::test_guard_case[row_too_big-IQ3_S-lcpp_iq3]
PASSED tests/gpu/test_kernel_guards.py::test_guard_case[row_too_big-IQ3_XXS-lcpp_iq3]
PASSED tests/gpu/test_kernel_guards.py::test_guard_case[k_mismatch-IQ3_S-lcpp_mmvq]
PASSED tests/gpu/test_kernel_guards.py::test_guard_case[k_mismatch-IQ4_XS-lcpp_mmvq]
PASSED tests/gpu/test_kernel_guards.py::test_guard_case[k_mismatch-Q4_K-lcpp_mmvq]
PASSED tests/gpu/test_kernel_guards.py::test_guard_case[k_mismatch-IQ3_S-lcpp_mmq]
PASSED tests/gpu/test_kernel_guards.py::test_guard_case[k_mismatch-IQ3_XXS-lcpp_mmq]
PASSED tests/gpu/test_kernel_guards.py::test_guard_case[k_mismatch-Q2_K-lcpp_mmq]
PASSED tests/gpu/test_kernel_guards.py::test_guard_case[k_mismatch-Q4_K-lcpp_mmq]
PASSED tests/gpu/test_kernel_guards.py::test_guard_case[k_mismatch-Q6_K-lcpp_mmq]
PASSED tests/gpu/test_kernel_guards.py::test_guard_case[k_mismatch-IQ3_S-lcpp_iq3]
PASSED tests/gpu/test_kernel_guards.py::test_guard_case[k_mismatch-IQ3_XXS-lcpp_iq3]
PASSED tests/gpu/test_kernel_guards.py::test_guard_case[graph_replay-IQ3_S-lcpp_mmvq]
PASSED tests/gpu/test_kernel_guards.py::test_guard_case[graph_replay-IQ4_XS-lcpp_mmvq]
PASSED tests/gpu/test_kernel_guards.py::test_guard_case[graph_replay-Q4_K-lcpp_mmvq]
PASSED tests/gpu/test_kernel_guards.py::test_guard_case[graph_replay-IQ3_S-lcpp_mmq]
PASSED tests/gpu/test_kernel_guards.py::test_guard_case[graph_replay-IQ3_XXS-lcpp_mmq]
PASSED tests/gpu/test_kernel_guards.py::test_guard_case[graph_replay-Q2_K-lcpp_mmq]
PASSED tests/gpu/test_kernel_guards.py::test_guard_case[graph_replay-Q4_K-lcpp_mmq]
PASSED tests/gpu/test_kernel_guards.py::test_guard_case[graph_replay-Q6_K-lcpp_mmq]
PASSED tests/gpu/test_kernel_guards.py::test_guard_case[graph_replay-IQ3_S-lcpp_iq3]
PASSED tests/gpu/test_kernel_guards.py::test_guard_case[graph_replay-IQ3_XXS-lcpp_iq3]
80 passed, 40 deselected in 1499.67s (0:24:59)
