Running 4105 items in this shard
........................................................................ [  1%]
........................................................................ [  3%]
.........................s.s.s.s.s.s.s.s................................ [  5%]
.s.s.s.s.s.s.s.s........................................................ [  7%]
........................................................................ [  8%]
........................................................................ [ 10%]
........................................................................ [ 12%]
........................................................................ [ 14%]
........................................................................ [ 15%]
........................................................................ [ 17%]
........s......s.............s......s.............s......s.............s [ 19%]
......s.............s......s.............s......s.............s......s.. [ 21%]
...........s......s.............s......s.............s......s........... [ 22%]
..s......s.............s......s.............s......s.............s...... [ 24%]
s.............s......s.............s......s.............s......s........ [ 26%]
.....s......s.............s......s.............s......s.............s... [ 28%]
...s.............s......s.............s......s.............s......s..... [ 29%]
........s......s.............s......s.............s......s.............s [ 31%]
......s.............s......s.............s......s.............s......s.. [ 33%]
...........s......s....................s...s................s...s....... [ 35%]
.........s...s................s...s................s...s................ [ 36%]
s...s................s...s................s...s................s...s.... [ 38%]
............s...s................s...s................s...s............. [ 40%]
...s...s................s...s................s...s................s...s. [ 42%]
.....................................................ssssssssssss....... [ 43%]
........................................................................ [ 45%]
........................................................................ [ 47%]
....................................................................ssss [ 49%]
ss...................................................................... [ 50%]
...............................................................s.....s.. [ 52%]
...s.........................................s.....s.....s.....s.....s.. [ 54%]
...s.....s.....s.....s.....s.....s.....s.....s.....s.....s.............. [ 56%]
...........................s.....s.....s.....s.....s.....s.....s.....s.. [ 57%]
...s.....s.....s.....s.....s.....s.....s................................ [ 59%]
.........s.....s.....s.....s.....s.....s.....s.....s.....s.....s.....s.. [ 61%]
...s.................................................................... [ 63%]
........s.....s.....s.....s.....s.....s.....s.....s..................... [ 64%]
........................................................................ [ 66%]
........................................................................ [ 68%]
........................................................................ [ 70%]
........................................................................ [ 71%]
........................................................................ [ 73%]
........................................................................ [ 75%]
........................................................................ [ 77%]
........................................................................ [ 78%]
........................................................................ [ 80%]
........................................................................ [ 82%]
........................................................................ [ 84%]
........................................................................ [ 85%]
........................................................................ [ 87%]
........................................................................ [ 89%]
........................................................................ [ 91%]
........................................................................ [ 92%]
........................................................................ [ 94%]
........................................................................ [ 96%]
........................................................................ [ 98%]
........................................................................ [ 99%]
.                                                                        [100%]
=============================== warnings summary ===============================
tests/gpu/test_kernel_parity.py: 14 warnings
  /workspace/kit-work/venv-cu13/lib/python3.12/site-packages/torch/jit/_script.py:365: DeprecationWarning: `torch.jit.script_method` is deprecated. Please switch to `torch.compile` or `torch.export`.
    warnings.warn(

tests/gpu/test_kernel_parity.py::test_dequantize[IQ1_M-float32]
  /workspace/kit/tests/gpu/test_kernel_parity.py:128: UserWarning: The given NumPy array is not writable, and PyTorch does not support non-writable tensors. This means writing to this tensor will result in undefined behavior. You may want to copy the array to protect its data or make it writable before converting it to a tensor. This type of warning will be suppressed for the rest of this program. (Triggered internally at /__w/pytorch/pytorch/torch/csrc/utils/tensor_numpy.cpp:213.)
    w = torch.from_numpy(np.ascontiguousarray(raw)).cuda()

-- Docs: https://docs.pytest.org/en/stable/how-to/capture-warnings.html
- generated xml file: /workspace/kit/kit/results/torn-gpu-rtx3070-2026-10-04/tier1/parity-gguf.xml -
3922 passed, 183 skipped, 15 warnings in 235.85s (0:03:55)
