
IQ3_S 17408x5120: 38.3 MB, DRAM floor 233.0 us
  n=   16 new     82.2   floors dram 233 int8 10  rel 4.1e-07
  n=   32 new    116.1   floors dram 233 int8 20  rel 3.6e-07
  n=   64 new    210.4   floors dram 233 int8 40  rel 3.0e-07
  n=  128 new    316.8   floors dram 233 int8 80  rel 4.4e-07
  n= 2048 new   3499.8   floors dram 233 int8 1285  rel 2.9e-07

IQ3_S 5120x17408: 38.3 MB, DRAM floor 232.6 us
  n=   16 new     93.6   floors dram 233 int8 10  rel 5.4e-07
  n=   32 new    136.8   floors dram 233 int8 20  rel 4.2e-07
  n=   64 new    254.7   floors dram 233 int8 40  rel 4.6e-07
  n=  128 new    312.4   floors dram 233 int8 80  rel 0.0e+00 exact
  n= 2048 new   3470.9   floors dram 233 int8 1285  rel 7.1e-07

IQ3_XXS 17408x5120: 34.1 MB, DRAM floor 207.9 us
  n=   16 new     78.3   floors dram 208 int8 10  rel 3.9e-07
  n=   32 new    116.0   floors dram 208 int8 20  rel 3.9e-07
  n=   64 new    211.5   floors dram 208 int8 40  rel 3.7e-07
  n=  128 new    317.3   floors dram 208 int8 80  rel 4.2e-07
  n= 2048 new   3524.5   floors dram 208 int8 1285  rel 2.7e-07

IQ3_XXS 5120x17408: 34.1 MB, DRAM floor 208.1 us
  n=   16 new     89.7   floors dram 208 int8 10  rel 4.4e-07
  n=   32 new    137.1   floors dram 208 int8 20  rel 4.7e-07
  n=   64 new    251.4   floors dram 208 int8 40  rel 5.3e-07
  n=  128 new    318.7   floors dram 208 int8 80  rel 0.0e+00 exact
  n= 2048 new   3552.9   floors dram 208 int8 1285  rel 8.3e-07
rc=0
