
IQ3_S 17408x5120: 38.3 MB, DRAM floor 232.8 us
  n=   16 new     82.2   floors dram 233 int8 10  rel 4.1e-07
  n=   32 new    114.8   floors dram 233 int8 20  rel 3.8e-07
  n=   64 new    207.7   floors dram 233 int8 40  rel 5.8e-07
  n=  128 new    313.3   floors dram 233 int8 80  rel 3.2e-07
  n= 2048 new   3376.8   floors dram 233 int8 1285  rel 2.5e-07

IQ3_S 5120x17408: 38.3 MB, DRAM floor 232.7 us
  n=   16 new     93.3   floors dram 233 int8 10  rel 4.7e-07
  n=   32 new    136.1   floors dram 233 int8 20  rel 4.2e-07
  n=   64 new    250.8   floors dram 233 int8 40  rel 5.3e-07
  n=  128 new    308.6   floors dram 233 int8 80  rel 0.0e+00 exact
  n= 2048 new   3430.0   floors dram 233 int8 1285  rel 6.1e-07

IQ3_XXS 17408x5120: 34.1 MB, DRAM floor 207.9 us
  n=   16 new     78.4   floors dram 208 int8 10  rel 4.0e-07
  n=   32 new    114.2   floors dram 208 int8 20  rel 3.2e-07
  n=   64 new    208.7   floors dram 208 int8 40  rel 2.9e-07
  n=  128 new    314.8   floors dram 208 int8 80  rel 4.2e-07
  n= 2048 new   3451.1   floors dram 208 int8 1285  rel 3.1e-07

IQ3_XXS 5120x17408: 34.1 MB, DRAM floor 208.1 us
  n=   16 new     89.9   floors dram 208 int8 10  rel 4.9e-07
  n=   32 new    135.6   floors dram 208 int8 20  rel 4.9e-07
  n=   64 new    249.8   floors dram 208 int8 40  rel 5.4e-07
  n=  128 new    315.7   floors dram 208 int8 80  rel 0.0e+00 exact
  n= 2048 new   3504.7   floors dram 208 int8 1285  rel 9.6e-07
rc=0
