
IQ3_S 17408x5120: 38.3 MB, DRAM floor 233.7 us
  n=   16 new     82.0   floors dram 234 int8 10  rel 3.5e-07
  n=   32 new    119.7   floors dram 234 int8 20  rel 4.2e-07
  n=   64 new    206.0   floors dram 234 int8 40  rel 4.1e-07
  n=  128 new    310.0   floors dram 234 int8 80  rel 4.3e-07
  n= 2048 new   3299.9   floors dram 234 int8 1285  rel 2.1e-07

IQ3_S 5120x17408: 38.3 MB, DRAM floor 232.6 us
  n=   16 new     93.3   floors dram 233 int8 10  rel 4.4e-07
  n=   32 new    140.4   floors dram 233 int8 20  rel 5.0e-07
  n=   64 new    249.6   floors dram 233 int8 40  rel 4.9e-07
  n=  128 new    306.1   floors dram 233 int8 80  rel 0.0e+00 exact
  n= 2048 new   3356.7   floors dram 233 int8 1285  rel 6.8e-07

IQ3_XXS 17408x5120: 34.1 MB, DRAM floor 207.9 us
  n=   16 new     79.4   floors dram 208 int8 10  rel 4.7e-07
  n=   32 new    120.1   floors dram 208 int8 20  rel 4.0e-07
  n=   64 new    207.6   floors dram 208 int8 40  rel 4.1e-07
  n=  128 new    312.8   floors dram 208 int8 80  rel 4.4e-07
  n= 2048 new   3409.5   floors dram 208 int8 1285  rel 2.3e-07

IQ3_XXS 5120x17408: 34.1 MB, DRAM floor 208.1 us
  n=   16 new     91.1   floors dram 208 int8 10  rel 5.5e-07
  n=   32 new    141.8   floors dram 208 int8 20  rel 4.3e-07
  n=   64 new    247.4   floors dram 208 int8 40  rel 5.5e-07
  n=  128 new    313.1   floors dram 208 int8 80  rel 0.0e+00 exact
  n= 2048 new   3460.3   floors dram 208 int8 1285  rel 8.4e-07
rc=0
