
IQ3_S 17408x5120: 38.3 MB, DRAM floor 233.7 us
  n=   16 new     82.9   floors dram 234 int8 10  rel 4.2e-07
  n=   32 new    121.8   floors dram 234 int8 20  rel 3.3e-07
  n=   64 new    210.8   floors dram 234 int8 40  rel 3.5e-07
  n=  128 new    330.7   floors dram 234 int8 80  rel 3.7e-07
  n= 2048 new   3685.6   floors dram 234 int8 1285  rel 2.3e-07

IQ3_S 5120x17408: 38.3 MB, DRAM floor 232.5 us
  n=   16 new     94.8   floors dram 233 int8 10  rel 5.3e-07
  n=   32 new    142.8   floors dram 233 int8 20  rel 5.2e-07
  n=   64 new    258.2   floors dram 233 int8 40  rel 5.1e-07
  n=  128 new    326.8   floors dram 233 int8 80  rel 0.0e+00 exact
  n= 2048 new   3717.7   floors dram 233 int8 1285  rel 6.8e-07

IQ3_XXS 17408x5120: 34.1 MB, DRAM floor 207.8 us
  n=   16 new     82.6   floors dram 208 int8 10  rel 5.2e-07
  n=   32 new    118.6   floors dram 208 int8 20  rel 4.5e-07
  n=   64 new    214.6   floors dram 208 int8 40  rel 5.2e-07
  n=  128 new    323.9   floors dram 208 int8 80  rel 4.8e-07
  n= 2048 new   3640.6   floors dram 208 int8 1285  rel 1.7e-07

IQ3_XXS 5120x17408: 34.1 MB, DRAM floor 208.0 us
  n=   16 new     93.8   floors dram 208 int8 10  rel 5.9e-07
  n=   32 new    140.0   floors dram 208 int8 20  rel 5.8e-07
  n=   64 new    255.3   floors dram 208 int8 40  rel 5.7e-07
  n=  128 new    324.4   floors dram 208 int8 80  rel 0.0e+00 exact
  n= 2048 new   3690.7   floors dram 208 int8 1285  rel 8.3e-07
rc=0
