
IQ3_S 17408x5120: 38.3 MB, DRAM floor 233.7 us
  n=   16 new     81.8   floors dram 234 int8 10  rel 5.0e-07
  n=   32 new    114.5   floors dram 234 int8 20  rel 4.5e-07
  n=   64 new    209.3   floors dram 234 int8 40  rel 4.9e-07
  n=  128 new    314.7   floors dram 234 int8 80  rel 3.7e-07
  n= 2048 new   3424.0   floors dram 234 int8 1285  rel 2.5e-07

IQ3_S 5120x17408: 38.3 MB, DRAM floor 232.6 us
  n=   16 new     93.1   floors dram 233 int8 10  rel 5.3e-07
  n=   32 new    135.8   floors dram 233 int8 20  rel 5.5e-07
  n=   64 new    252.9   floors dram 233 int8 40  rel 5.1e-07
  n=  128 new    310.4   floors dram 233 int8 80  rel 0.0e+00 exact
  n= 2048 new   3463.4   floors dram 233 int8 1285  rel 6.9e-07

IQ3_XXS 17408x5120: 34.1 MB, DRAM floor 208.1 us
  n=   16 new     78.3   floors dram 208 int8 10  rel 4.7e-07
  n=   32 new    114.5   floors dram 208 int8 20  rel 3.8e-07
  n=   64 new    210.3   floors dram 208 int8 40  rel 4.2e-07
  n=  128 new    317.4   floors dram 208 int8 80  rel 4.2e-07
  n= 2048 new   3509.3   floors dram 208 int8 1285  rel 2.9e-07

IQ3_XXS 5120x17408: 34.1 MB, DRAM floor 208.0 us
  n=   16 new     89.9   floors dram 208 int8 10  rel 5.3e-07
  n=   32 new    136.7   floors dram 208 int8 20  rel 5.6e-07
  n=   64 new    252.3   floors dram 208 int8 40  rel 5.3e-07
  n=  128 new    317.2   floors dram 208 int8 80  rel 0.0e+00 exact
  n= 2048 new   3582.4   floors dram 208 int8 1285  rel 7.7e-07
rc=0
