
IQ3_S 17408x5120: 38.3 MB, DRAM floor 50.2 us
  n=    8 new     59.2 | r1     58.9   floors dram 50 int8 5  rel 4.2e-07
  n=    9 new     59.6 | r1     73.2   floors dram 50 int8 6  rel 4.4e-07
  n=   12 new     59.5 | r1     77.7   floors dram 50 int8 8  rel 4.9e-07
  n=   16 new     61.2 | r1     84.6   floors dram 50 int8 10  rel 5.3e-07
  n=   24 new     74.6 | r1    138.0   floors dram 50 int8 15  rel 3.8e-07
  n=   32 new     75.4 | r1    155.3   floors dram 50 int8 20  rel 4.4e-07
  n=   48 new    117.9   floors dram 50 int8 30  rel 5.8e-07
  n=   64 new    121.5   floors dram 50 int8 40  rel 4.3e-07
  n=  128 new    227.1   floors dram 50 int8 80  rel 4.9e-07
  n=  129 new    323.8   floors dram 50 int8 81  rel 3.7e-07
  n=  256 new    439.6   floors dram 50 int8 161  rel 4.1e-07
  n=  512 new    814.4   floors dram 50 int8 321  rel 3.3e-07
  n= 2048 new   3116.9   floors dram 50 int8 1285  rel 2.6e-07

IQ3_S 5120x17408: 38.3 MB, DRAM floor 49.3 us
  n=    8 new     63.7 | r1     58.7   floors dram 49 int8 5  rel 4.9e-07
  n=    9 new     65.3 | r1     72.0   floors dram 49 int8 6  rel 4.8e-07
  n=   12 new     66.7 | r1     84.4   floors dram 49 int8 8  rel 4.9e-07
  n=   16 new     68.8 | r1     92.7   floors dram 49 int8 10  rel 4.7e-07
  n=   24 new     83.8 | r1    139.6   floors dram 49 int8 15  rel 4.7e-07
  n=   32 new     89.8 | r1    166.1   floors dram 49 int8 20  rel 5.2e-07
  n=   48 new    133.4   floors dram 49 int8 30  rel 5.4e-07
  n=   64 new    144.5   floors dram 49 int8 40  rel 5.4e-07
  n=  128 new    257.5   floors dram 49 int8 80  rel 4.9e-07
  n=  129 new    345.1   floors dram 49 int8 81  rel 9.6e-07
  n=  256 new    399.2   floors dram 49 int8 161  rel 0.0e+00 exact
  n=  512 new    798.1   floors dram 49 int8 321  rel 0.0e+00 exact
  n= 2048 new   3179.7   floors dram 49 int8 1285  rel 6.9e-07

IQ3_S 10240x5120: 22.5 MB, DRAM floor 31.3 us
  n=    8 new     44.7 | r1     37.7   floors dram 31 int8 3  rel 4.4e-07
  n=    9 new     46.3 | r1     44.3   floors dram 31 int8 3  rel 4.6e-07
  n=   12 new     47.9 | r1     48.5   floors dram 31 int8 4  rel 4.5e-07
  n=   16 new     50.6 | r1     51.2   floors dram 31 int8 6  rel 5.0e-07
  n=   24 new     59.7 | r1     84.9   floors dram 31 int8 9  rel 0.0e+00 exact
  n=   32 new     59.9 | r1     98.4   floors dram 31 int8 12  rel 0.0e+00 exact
  n=   48 new     75.8   floors dram 31 int8 18  rel 0.0e+00 exact
  n=   64 new     77.9   floors dram 31 int8 24  rel 0.0e+00 exact
  n=  128 new    125.7   floors dram 31 int8 47  rel 0.0e+00 exact
  n=  129 new    199.0   floors dram 31 int8 48  rel 3.7e-07
  n=  256 new    238.3   floors dram 31 int8 95  rel 0.0e+00 exact
  n=  512 new    472.4   floors dram 31 int8 189  rel 0.0e+00 exact
  n= 2048 new   1894.2   floors dram 31 int8 756  rel 3.4e-07

IQ3_XXS 17408x5120: 34.1 MB, DRAM floor 44.4 us
  n=    8 new     59.8 | r1     59.6   floors dram 44 int8 5  rel 4.6e-07
  n=    9 new     63.7 | r1     77.5   floors dram 44 int8 6  rel 3.4e-07
  n=   12 new     63.1 | r1     86.1   floors dram 44 int8 8  rel 4.2e-07
  n=   16 new     65.8 | r1     88.0   floors dram 44 int8 10  rel 9.0e-07
  n=   24 new     77.1 | r1    143.8   floors dram 44 int8 15  rel 3.6e-07
  n=   32 new     78.8 | r1    161.3   floors dram 44 int8 20  rel 4.0e-07
  n=   48 new    118.6   floors dram 44 int8 30  rel 4.4e-07
  n=   64 new    122.1   floors dram 44 int8 40  rel 4.4e-07
  n=  128 new    232.1   floors dram 44 int8 80  rel 6.8e-07
  n=  129 new    330.3   floors dram 44 int8 81  rel 4.6e-07
  n=  256 new    442.4   floors dram 44 int8 161  rel 3.8e-07
  n=  512 new    837.8   floors dram 44 int8 321  rel 5.2e-07
  n= 2048 new   3207.5   floors dram 44 int8 1285  rel 2.7e-07

IQ3_XXS 5120x17408: 34.1 MB, DRAM floor 44.4 us
  n=    8 new     61.5 | r1     58.2   floors dram 44 int8 5  rel 4.6e-07
  n=    9 new     64.8 | r1     79.3   floors dram 44 int8 6  rel 4.1e-07
  n=   12 new     65.3 | r1     88.4   floors dram 44 int8 8  rel 5.8e-07
  n=   16 new     68.3 | r1     94.3   floors dram 44 int8 10  rel 5.0e-07
  n=   24 new     85.6 | r1    146.7   floors dram 44 int8 15  rel 4.6e-07
  n=   32 new     90.7 | r1    170.6   floors dram 44 int8 20  rel 5.8e-07
  n=   48 new    134.9   floors dram 44 int8 30  rel 4.6e-07
  n=   64 new    144.1   floors dram 44 int8 40  rel 5.2e-07
  n=  128 new    258.4   floors dram 44 int8 80  rel 5.0e-07
  n=  129 new    349.7   floors dram 44 int8 81  rel 1.0e-06
  n=  256 new    405.0   floors dram 44 int8 161  rel 0.0e+00 exact
  n=  512 new    804.6   floors dram 44 int8 321  rel 0.0e+00 exact
  n= 2048 new   3256.3   floors dram 44 int8 1285  rel 8.2e-07

IQ3_XXS 10240x5120: 20.1 MB, DRAM floor 28.5 us
  n=    8 new     42.5 | r1     37.0   floors dram 28 int8 3  rel 4.4e-07
  n=    9 new     45.0 | r1     47.1   floors dram 28 int8 3  rel 5.1e-07
  n=   12 new     46.2 | r1     50.6   floors dram 28 int8 4  rel 5.0e-07
  n=   16 new     48.8 | r1     54.0   floors dram 28 int8 6  rel 4.9e-07
  n=   24 new     63.0 | r1     87.1   floors dram 28 int8 9  rel 0.0e+00 exact
  n=   32 new     63.5 | r1     98.5   floors dram 28 int8 12  rel 0.0e+00 exact
  n=   48 new     79.3   floors dram 28 int8 18  rel 0.0e+00 exact
  n=   64 new     80.1   floors dram 28 int8 24  rel 0.0e+00 exact
  n=  128 new    126.6   floors dram 28 int8 47  rel 0.0e+00 exact
  n=  129 new    204.9   floors dram 28 int8 48  rel 5.1e-07
  n=  256 new    243.4   floors dram 28 int8 95  rel 0.0e+00 exact
  n=  512 new    478.5   floors dram 28 int8 189  rel 0.0e+00 exact
  n= 2048 new   1928.0   floors dram 28 int8 756  rel 4.8e-07
rc=0
