
IQ3_S 17408x5120: 38.3 MB, DRAM floor 50.2 us
  n=    1 new     57.7 | r1     52.6 | mmq    122.7   floors dram 50 int8 1  rel 3.5e-07
  n=    4 new     56.6 | r1     53.9 | mmq    124.2   floors dram 50 int8 3  rel 4.5e-07
  n=    8 new     58.7 | r1     60.3 | mmq    126.1   floors dram 50 int8 5  rel 2.9e-07
  n=    9 new     58.1 | r1     73.7 | mmq    134.2   floors dram 50 int8 6  rel 4.5e-07
  n=   16 new     60.0 | r1     86.9 | mmq    135.9   floors dram 50 int8 10  rel 4.4e-07
  n=   24 new     74.4 | r1    140.6 | mmq    146.3   floors dram 50 int8 15  rel 3.2e-07
  n=   32 new     77.8 | r1    157.2 | mmq    160.7   floors dram 50 int8 20  rel 5.5e-07
  n=   48 new     98.3 | mmq    170.6   floors dram 50 int8 30  rel 4.0e-07
  n=   64 new    117.3 | mmq    190.2   floors dram 50 int8 40  rel 3.9e-07
  n=  128 new    221.2 | mmq    287.9   floors dram 50 int8 80  rel 3.9e-07
  n=  129 new    261.2 | mmq    411.0   floors dram 50 int8 81  rel 4.0e-07
  n=  256 new    423.5 | mmq    545.4   floors dram 50 int8 161  rel 3.4e-07
  n=  512 new    792.5 | mmq   1051.7   floors dram 50 int8 321  rel 3.0e-07
  n= 2048 new   3034.5 | mmq   4078.7   floors dram 50 int8 1285  rel 2.5e-07

IQ3_S 5120x17408: 38.3 MB, DRAM floor 49.4 us
  n=    1 new     59.9 | r1     51.7 | mmq    128.6   floors dram 49 int8 1  rel 3.8e-07
  n=    4 new     61.8 | r1     52.8 | mmq    129.4   floors dram 49 int8 3  rel 3.6e-07
  n=    8 new     64.0 | r1     60.1 | mmq    130.6   floors dram 49 int8 5  rel 4.7e-07
  n=    9 new     64.8 | r1     73.1 | mmq    139.2   floors dram 49 int8 6  rel 4.6e-07
  n=   16 new     68.7 | r1     95.2 | mmq    142.4   floors dram 49 int8 10  rel 5.8e-07
  n=   24 new     83.8 | r1    140.6 | mmq    146.9   floors dram 49 int8 15  rel 5.1e-07
  n=   32 new     89.4 | r1    167.4 | mmq    169.1   floors dram 49 int8 20  rel 4.5e-07
  n=   48 new    115.4 | mmq    181.6   floors dram 49 int8 30  rel 5.9e-07
  n=   64 new    140.5 | mmq    192.6   floors dram 49 int8 40  rel 5.0e-07
  n=  128 new    249.4 | mmq    278.3   floors dram 49 int8 80  rel 4.5e-07
  n=  129 new    284.2 | mmq    376.3   floors dram 49 int8 81  rel 1.1e-06
  n=  256 new    385.2 | mmq    496.4   floors dram 49 int8 161  rel 0.0e+00 exact
  n=  512 new    762.7 | mmq    988.1   floors dram 49 int8 321  rel 0.0e+00 exact
  n= 2048 new   3070.6 | mmq   3944.7   floors dram 49 int8 1285  rel 7.5e-07

IQ3_S 10240x5120: 22.5 MB, DRAM floor 31.4 us
  n=    1 new     40.7 | r1     33.6 | mmq     74.3   floors dram 31 int8 0  rel 4.5e-07
  n=    4 new     42.9 | r1     34.2 | mmq     75.0   floors dram 31 int8 1  rel 3.9e-07
  n=    8 new     45.2 | r1     38.0 | mmq     76.4   floors dram 31 int8 3  rel 3.5e-07
  n=    9 new     45.8 | r1     45.0 | mmq     79.7   floors dram 31 int8 3  rel 5.1e-07
  n=   16 new     50.0 | r1     52.0 | mmq     81.6   floors dram 31 int8 6  rel 5.1e-07
  n=   24 new     58.1 | r1     85.8 | mmq     86.8   floors dram 31 int8 9  rel 0.0e+00 exact
  n=   32 new     60.1 | r1    100.0 | mmq     94.2   floors dram 31 int8 12  rel 0.0e+00 exact
  n=   48 new     75.2 | mmq    101.9   floors dram 31 int8 18  rel 0.0e+00 exact
  n=   64 new     77.3 | mmq    110.5   floors dram 31 int8 24  rel 0.0e+00 exact
  n=  128 new    120.3 | mmq    159.9   floors dram 31 int8 47  rel 0.0e+00 exact
  n=  129 new    172.1 | mmq    228.8   floors dram 31 int8 48  rel 3.9e-07
  n=  256 new    233.2 | mmq    310.9   floors dram 31 int8 95  rel 0.0e+00 exact
  n=  512 new    452.5 | mmq    613.1   floors dram 31 int8 189  rel 0.0e+00 exact
  n= 2048 new   1845.5 | mmq   2431.5   floors dram 31 int8 756  rel 4.1e-07

IQ3_XXS 17408x5120: 34.1 MB, DRAM floor 44.5 us
  n=    1 new     55.6 | r1     49.4 | mmq    113.0   floors dram 44 int8 1  rel 4.3e-07
  n=    4 new     57.4 | r1     52.0 | mmq    112.9   floors dram 44 int8 3  rel 2.9e-07
  n=    8 new     58.2 | r1     60.5 | mmq    113.6   floors dram 44 int8 5  rel 4.0e-07
  n=    9 new     58.4 | r1     78.9 | mmq    129.0   floors dram 44 int8 6  rel 4.9e-07
  n=   16 new     60.3 | r1     91.7 | mmq    130.9   floors dram 44 int8 10  rel 4.2e-07
  n=   24 new     73.1 | r1    146.3 | mmq    135.5   floors dram 44 int8 15  rel 5.4e-07
  n=   32 new     77.5 | r1    162.2 | mmq    150.4   floors dram 44 int8 20  rel 3.5e-07
  n=   48 new     97.3 | mmq    162.1   floors dram 44 int8 30  rel 4.2e-07
  n=   64 new    119.4 | mmq    183.6   floors dram 44 int8 40  rel 4.7e-07
  n=  128 new    225.3 | mmq    282.2   floors dram 44 int8 80  rel 4.7e-07
  n=  129 new    262.7 | mmq    395.6   floors dram 44 int8 81  rel 3.9e-07
  n=  256 new    434.6 | mmq    535.1   floors dram 44 int8 161  rel 5.3e-07
  n=  512 new    812.9 | mmq   1034.4   floors dram 44 int8 321  rel 3.6e-07
  n= 2048 new   3137.1 | mmq   4001.2   floors dram 44 int8 1285  rel 2.6e-07

IQ3_XXS 5120x17408: 34.1 MB, DRAM floor 44.4 us
  n=    1 new     55.8 | r1     47.9 | mmq    110.5   floors dram 44 int8 1  rel 5.8e-07
  n=    4 new     57.9 | r1     50.0 | mmq    111.9   floors dram 44 int8 3  rel 4.3e-07
  n=    8 new     60.5 | r1     59.1 | mmq    112.8   floors dram 44 int8 5  rel 4.5e-07
  n=    9 new     61.0 | r1     80.9 | mmq    129.0   floors dram 44 int8 6  rel 5.5e-07
  n=   16 new     65.4 | r1     98.0 | mmq    130.7   floors dram 44 int8 10  rel 4.5e-07
  n=   24 new     81.7 | r1    148.0 | mmq    138.6   floors dram 44 int8 15  rel 5.4e-07
  n=   32 new     88.7 | r1    171.7 | mmq    147.5   floors dram 44 int8 20  rel 4.5e-07
  n=   48 new    114.6 | mmq    160.5   floors dram 44 int8 30  rel 5.1e-07
  n=   64 new    141.8 | mmq    183.1   floors dram 44 int8 40  rel 4.5e-07
  n=  128 new    253.4 | mmq    274.3   floors dram 44 int8 80  rel 4.6e-07
  n=  129 new    282.1 | mmq    371.4   floors dram 44 int8 81  rel 8.8e-07
  n=  256 new    394.9 | mmq    487.4   floors dram 44 int8 161  rel 0.0e+00 exact
  n=  512 new    786.4 | mmq    976.2   floors dram 44 int8 321  rel 0.0e+00 exact
  n= 2048 new   3142.9 | mmq   3888.6   floors dram 44 int8 1285  rel 8.9e-07

IQ3_XXS 10240x5120: 20.1 MB, DRAM floor 28.5 us
  n=    1 new     38.2 | r1     31.3 | mmq     67.6   floors dram 28 int8 0  rel 6.0e-07
  n=    4 new     40.3 | r1     32.6 | mmq     68.8   floors dram 28 int8 1  rel 4.5e-07
  n=    8 new     42.8 | r1     37.4 | mmq     69.2   floors dram 28 int8 3  rel 4.5e-07
  n=    9 new     43.5 | r1     47.7 | mmq     76.3   floors dram 28 int8 3  rel 4.2e-07
  n=   16 new     47.5 | r1     55.5 | mmq     78.3   floors dram 28 int8 6  rel 6.0e-07
  n=   24 new     58.8 | r1     88.9 | mmq     80.0   floors dram 28 int8 9  rel 0.0e+00 exact
  n=   32 new     60.7 | r1     98.8 | mmq     88.5   floors dram 28 int8 12  rel 0.0e+00 exact
  n=   48 new     74.6 | mmq     95.6   floors dram 28 int8 18  rel 0.0e+00 exact
  n=   64 new     76.7 | mmq    105.8   floors dram 28 int8 24  rel 0.0e+00 exact
  n=  128 new    124.1 | mmq    157.4   floors dram 28 int8 47  rel 0.0e+00 exact
  n=  129 new    172.6 | mmq    223.3   floors dram 28 int8 48  rel 4.0e-07
  n=  256 new    239.4 | mmq    305.4   floors dram 28 int8 95  rel 0.0e+00 exact
  n=  512 new    463.4 | mmq    603.1   floors dram 28 int8 189  rel 0.0e+00 exact
  n= 2048 new   1899.4 | mmq   2384.3   floors dram 28 int8 756  rel 3.3e-07
rc=0
