start 2026-09-29T22:04:51Z /workspace/wt-r2x
server up after 406 s
(EngineCore pid=801280) INFO 09-29 22:07:40 [gpu_model_runner.py:5455] Model loading took 12.41 GiB memory and 131.375190 seconds
(EngineCore pid=801280) INFO 09-29 22:11:04 [gpu_worker.py:563] Available KV cache memory: 8.64 GiB
(EngineCore pid=801280) INFO 09-29 22:11:04 [kv_cache_utils.py:2389] GPU KV cache size: 250,000 tokens
(EngineCore pid=801280) INFO 09-29 22:11:17 [core.py:348] init engine (profile, create kv cache, warmup model) took 216.71 s (compilation: 129.95 s)
22507 MiB
speed rc=0
ROW cohort C1 real prompts T=0 | e2e=97.53 tok/s | decode(C/meanTPOT)=99.6 | tok/step=3.00 | meanTTFT=205.92 ms
ROW cohort C2 real prompts T=0 | e2e=172.24 tok/s | decode(C/meanTPOT)=188.7 | tok/step=3.07 | meanTTFT=291.17 ms
ROW cohort C4 real prompts T=0 | e2e=269.72 tok/s | decode(C/meanTPOT)=326.8 | tok/step=3.06 | meanTTFT=425.06 ms
ROW cohort C8 real prompts T=0 | e2e=433.31 tok/s | decode(C/meanTPOT)=529.5 | tok/step=3.04 | meanTTFT=1100.45 ms
ROW cohort C1 real prompts T=0 | e2e=97.05 tok/s | decode(C/meanTPOT)=99.1 | tok/step=3.00 | meanTTFT=205.66 ms
ROW cohort C2 real prompts T=0 | e2e=172.15 tok/s | decode(C/meanTPOT)=188.5 | tok/step=3.07 | meanTTFT=291.14 ms
ROW cohort C4 real prompts T=0 | e2e=259.43 tok/s | decode(C/meanTPOT)=319.5 | tok/step=2.98 | meanTTFT=414.50 ms
ROW cohort C8 real prompts T=0 | e2e=427.04 tok/s | decode(C/meanTPOT)=533.7 | tok/step=3.04 | meanTTFT=1088.20 ms
# salted prefill ladder
ROW prefill len=8192 conc=1 seed=366885487 | 1248 tok/s | meanTTFT=6560.96 ms
ROW MTP whole run | acceptance rate 0.6471 | mean accepted length 2.941 | per position 0.807 0.638 0.496
ROW clocks /workspace/runs/opt-r2-r2-speed/clocks-prefill-8192-c1.csv: 26 s busy, median SM 1725 MHz, mem 9501 MHz, 347.2 W, util 96%
end 2026-09-29T22:27:48Z
