NVIDIA GeForce RTX 3090  X bf16, 10 calls per graph

IQ3_S 17408x5120 (38.3 MB)
  n=    1  stock_mmvq     70.7us  541GB/s (eager 74) | stock_dq    710.5us   54GB/s (eager 713) | lcpp_mmvq     71.9us  532GB/s (eager 77) | lcpp_mmq    125.1us  306GB/s (eager 129)
  n=    2  stock_mmvq    139.0us  275GB/s (eager 142) | stock_dq    715.8us   54GB/s (eager 714) | lcpp_mmvq     79.3us  483GB/s (eager 84) | lcpp_mmq    125.4us  305GB/s (eager 132)
  n=    4  stock_mmvq    277.4us  138GB/s (eager 281) | stock_dq    717.9us   53GB/s (eager 716) | lcpp_mmvq    101.2us  379GB/s (eager 107) | lcpp_mmq    125.9us  304GB/s (eager 131)
  n=    8  stock_mmvq    553.9us   69GB/s (eager 550) | stock_dq    719.4us   53GB/s (eager 718) | lcpp_mmvq    149.0us  257GB/s (eager 154) | lcpp_mmq    126.9us  302GB/s (eager 133)
  n=   16  stock_mmvq   1110.1us   34GB/s (eager 1092) | stock_dq    723.3us   53GB/s (eager 722) | lcpp_mmq    136.2us  281GB/s (eager 143)
  n=   32  stock_dq    794.9us   48GB/s (eager 786) | lcpp_mmq    163.2us  235GB/s (eager 169)
  n=  128  stock_dq    875.1us   44GB/s (eager 877) | lcpp_mmq    291.5us  131GB/s (eager 297)
  n= 2048  stock_dq   5479.6us    7GB/s (eager 5443) | lcpp_mmq   4160.9us    9GB/s (eager 4165)

IQ3_S 5120x17408 (38.3 MB)
  n=    1  stock_mmvq     72.0us  532GB/s (eager 77) | stock_dq    710.1us   54GB/s (eager 713) | lcpp_mmvq     68.0us  563GB/s (eager 74) | lcpp_mmq    130.7us  293GB/s (eager 136)
  n=    2  stock_mmvq    143.0us  268GB/s (eager 146) | stock_dq    714.7us   54GB/s (eager 716) | lcpp_mmvq     73.0us  524GB/s (eager 79) | lcpp_mmq    131.1us  292GB/s (eager 136)
  n=    4  stock_mmvq    276.2us  139GB/s (eager 279) | stock_dq    715.6us   54GB/s (eager 717) | lcpp_mmvq     97.7us  392GB/s (eager 105) | lcpp_mmq    131.9us  290GB/s (eager 136)
  n=    8  stock_mmvq    549.6us   70GB/s (eager 541) | stock_dq    715.5us   54GB/s (eager 716) | lcpp_mmvq    147.8us  259GB/s (eager 152) | lcpp_mmq    133.1us  288GB/s (eager 138)
  n=   16  stock_mmvq   1092.0us   35GB/s (eager 1072) | stock_dq    717.1us   53GB/s (eager 717) | lcpp_mmq    145.2us  264GB/s (eager 151)
  n=   32  stock_dq    715.6us   54GB/s (eager 722) | lcpp_mmq    175.2us  219GB/s (eager 180)
  n=  128  stock_dq    817.8us   47GB/s (eager 823) | lcpp_mmq    298.3us  128GB/s (eager 302)
  n= 2048  stock_dq   5313.1us    7GB/s (eager 5291) | lcpp_mmq   4239.9us    9GB/s (eager 4253)

IQ3_XXS 17408x5120 (34.1 MB)
  n=    1  stock_mmvq     69.5us  491GB/s (eager 73) | stock_dq    709.1us   48GB/s (eager 709) | lcpp_mmvq     65.1us  524GB/s (eager 71) | lcpp_mmq    111.9us  305GB/s (eager 115)
  n=    2  stock_mmvq    137.8us  248GB/s (eager 142) | stock_dq    710.8us   48GB/s (eager 711) | lcpp_mmvq     71.5us  477GB/s (eager 77) | lcpp_mmq    112.5us  303GB/s (eager 115)
  n=    4  stock_mmvq    269.2us  127GB/s (eager 274) | stock_dq    711.4us   48GB/s (eager 711) | lcpp_mmvq     94.1us  363GB/s (eager 99) | lcpp_mmq    112.2us  304GB/s (eager 116)
  n=    8  stock_mmvq    537.1us   64GB/s (eager 539) | stock_dq    713.1us   48GB/s (eager 713) | lcpp_mmvq    134.6us  253GB/s (eager 140) | lcpp_mmq    113.1us  302GB/s (eager 118)
  n=   16  stock_mmvq   1077.9us   32GB/s (eager 1066) | stock_dq    716.1us   48GB/s (eager 716) | lcpp_mmq    129.7us  263GB/s (eager 135)
  n=   32  stock_dq    772.8us   44GB/s (eager 762) | lcpp_mmq    151.6us  225GB/s (eager 158)
  n=  128  stock_dq    869.3us   39GB/s (eager 869) | lcpp_mmq    281.6us  121GB/s (eager 288)
  n= 2048  stock_dq   5460.8us    6GB/s (eager 5463) | lcpp_mmq   4080.3us    8GB/s (eager 4069)

IQ3_XXS 5120x17408 (34.1 MB)
  n=    1  stock_mmvq     71.1us  480GB/s (eager 75) | stock_dq    705.3us   48GB/s (eager 709) | lcpp_mmvq     60.2us  567GB/s (eager 66) | lcpp_mmq    113.0us  302GB/s (eager 117)
  n=    2  stock_mmvq    138.5us  246GB/s (eager 143) | stock_dq    709.4us   48GB/s (eager 712) | lcpp_mmvq     66.7us  511GB/s (eager 72) | lcpp_mmq    114.0us  299GB/s (eager 117)
  n=    4  stock_mmvq    269.5us  127GB/s (eager 273) | stock_dq    709.6us   48GB/s (eager 711) | lcpp_mmvq     91.9us  371GB/s (eager 97) | lcpp_mmq    114.5us  298GB/s (eager 118)
  n=    8  stock_mmvq    532.3us   64GB/s (eager 536) | stock_dq    710.8us   48GB/s (eager 712) | lcpp_mmvq    141.1us  242GB/s (eager 144) | lcpp_mmq    115.3us  296GB/s (eager 119)
  n=   16  stock_mmvq   1066.2us   32GB/s (eager 1058) | stock_dq    712.1us   48GB/s (eager 713) | lcpp_mmq    135.2us  252GB/s (eager 141)
  n=   32  stock_dq    711.6us   48GB/s (eager 720) | lcpp_mmq    155.4us  220GB/s (eager 161)
  n=  128  stock_dq    815.8us   42GB/s (eager 820) | lcpp_mmq    291.0us  117GB/s (eager 297)
  n= 2048  stock_dq   5346.5us    6GB/s (eager 5317) | lcpp_mmq   4169.1us    8GB/s (eager 4177)

IQ4_XS 17408x5120 (47.3 MB)
  n=    1  stock_mmvq     75.3us  629GB/s (eager 80) | stock_dq    711.8us   67GB/s (eager 710) | lcpp_mmvq     61.5us  770GB/s (eager 66) | lcpp_mmq     83.8us  565GB/s (eager 88)
  n=    2  stock_mmvq    149.2us  317GB/s (eager 157) | stock_dq    714.1us   66GB/s (eager 711) | lcpp_mmvq     63.4us  747GB/s (eager 68) | lcpp_mmq     84.2us  562GB/s (eager 89)
  n=    4  stock_mmvq    295.4us  160GB/s (eager 309) | stock_dq    715.6us   66GB/s (eager 713) | lcpp_mmvq     75.7us  625GB/s (eager 82) | lcpp_mmq     85.2us  556GB/s (eager 90)
  n=    8  stock_mmvq    585.7us   81GB/s (eager 598) | stock_dq    716.0us   66GB/s (eager 714) | lcpp_mmvq    118.2us  401GB/s (eager 124) | lcpp_mmq     85.2us  556GB/s (eager 91)
  n=   16  stock_mmvq   1196.1us   40GB/s (eager 1168) | stock_dq    719.7us   66GB/s (eager 718) | lcpp_mmq     96.5us  491GB/s (eager 104)
  n=   32  stock_dq    769.5us   62GB/s (eager 800) | lcpp_mmq    124.3us  381GB/s (eager 130)
  n=  128  stock_dq    874.5us   54GB/s (eager 872) | lcpp_mmq    265.1us  179GB/s (eager 272)
  n= 2048  stock_dq   5500.3us    9GB/s (eager 5503) | lcpp_mmq   3684.8us   13GB/s (eager 3692)

IQ4_XS 5120x17408 (47.3 MB)
  n=    1  stock_mmvq     77.4us  612GB/s (eager 83) | stock_dq    705.3us   67GB/s (eager 709) | lcpp_mmvq     61.8us  766GB/s (eager 66) | lcpp_mmq     88.1us  537GB/s (eager 94)
  n=    2  stock_mmvq    154.1us  307GB/s (eager 158) | stock_dq    707.5us   67GB/s (eager 712) | lcpp_mmvq     63.2us  749GB/s (eager 67) | lcpp_mmq     88.6us  535GB/s (eager 94)
  n=    4  stock_mmvq    293.8us  161GB/s (eager 307) | stock_dq    708.1us   67GB/s (eager 712) | lcpp_mmvq     75.5us  627GB/s (eager 82) | lcpp_mmq     90.4us  524GB/s (eager 94)
  n=    8  stock_mmvq    575.8us   82GB/s (eager 584) | stock_dq    708.5us   67GB/s (eager 712) | lcpp_mmvq    133.3us  355GB/s (eager 134) | lcpp_mmq     90.6us  522GB/s (eager 96)
  n=   16  stock_mmvq   1166.2us   41GB/s (eager 1130) | stock_dq    709.3us   67GB/s (eager 713) | lcpp_mmq     98.7us  480GB/s (eager 106)
  n=   32  stock_dq    710.5us   67GB/s (eager 718) | lcpp_mmq    127.0us  373GB/s (eager 132)
  n=  128  stock_dq    819.6us   58GB/s (eager 819) | lcpp_mmq    275.4us  172GB/s (eager 285)
  n= 2048  stock_dq   5350.6us    9GB/s (eager 5318) | lcpp_mmq   3818.3us   12GB/s (eager 3864)

Q4_K 17408x5120 (50.1 MB)
  n=    1  stock_mmvq     71.3us  704GB/s (eager 74) | stock_mmq    113.9us  440GB/s (eager 116) | stock_dq    710.7us   71GB/s (eager 712) | lcpp_mmvq     65.8us  762GB/s (eager 71) | lcpp_mmq     99.6us  503GB/s (eager 101)
  n=    2  stock_mmvq    137.2us  365GB/s (eager 142) | stock_mmq    114.9us  436GB/s (eager 116) | stock_dq    712.0us   70GB/s (eager 715) | lcpp_mmvq     68.1us  737GB/s (eager 73) | lcpp_mmq     99.8us  502GB/s (eager 102)
  n=    4  stock_mmvq    270.0us  186GB/s (eager 274) | stock_mmq    116.3us  431GB/s (eager 117) | stock_dq    713.1us   70GB/s (eager 714) | lcpp_mmvq     96.3us  520GB/s (eager 101) | lcpp_mmq    100.1us  501GB/s (eager 103)
  n=    8  stock_mmvq    536.0us   94GB/s (eager 541) | stock_mmq    221.4us  226GB/s (eager 222) | stock_dq    715.6us   70GB/s (eager 716) | lcpp_mmvq    157.3us  319GB/s (eager 165) | lcpp_mmq    101.4us  494GB/s (eager 104)
  n=   16  stock_mmvq   1065.6us   47GB/s (eager 1073) | stock_mmq    421.6us  119GB/s (eager 436) | stock_dq    719.9us   70GB/s (eager 720) | lcpp_mmq    107.9us  465GB/s (eager 114)
  n=   32  stock_mmq    832.5us   60GB/s (eager 859) | stock_dq    791.7us   63GB/s (eager 790) | lcpp_mmq    120.4us  416GB/s (eager 127)
  n=  128  stock_mmq   3299.8us   15GB/s (eager 3328) | stock_dq    876.2us   57GB/s (eager 874) | lcpp_mmq    290.4us  173GB/s (eager 299)
  n= 2048  stock_mmq  52249.5us    1GB/s (eager 52161) | stock_dq   5501.2us    9GB/s (eager 5506) | lcpp_mmq   4075.8us   12GB/s (eager 4080)

Q4_K 5120x17408 (50.1 MB)
  n=    1  stock_mmvq     72.0us  696GB/s (eager 75) | stock_mmq    126.3us  397GB/s (eager 127) | stock_dq    705.1us   71GB/s (eager 711) | lcpp_mmvq     65.6us  764GB/s (eager 70) | lcpp_mmq    100.8us  497GB/s (eager 105)
  n=    2  stock_mmvq    139.5us  359GB/s (eager 144) | stock_mmq    127.3us  394GB/s (eager 128) | stock_dq    707.0us   71GB/s (eager 714) | lcpp_mmvq     68.4us  733GB/s (eager 73) | lcpp_mmq    101.5us  494GB/s (eager 105)
  n=    4  stock_mmvq    274.1us  183GB/s (eager 280) | stock_mmq    129.6us  387GB/s (eager 131) | stock_dq    707.3us   71GB/s (eager 713) | lcpp_mmvq    103.2us  486GB/s (eager 108) | lcpp_mmq    102.1us  491GB/s (eager 106)
  n=    8  stock_mmvq    537.7us   93GB/s (eager 542) | stock_mmq    233.2us  215GB/s (eager 234) | stock_dq    708.1us   71GB/s (eager 714) | lcpp_mmvq    163.3us  307GB/s (eager 166) | lcpp_mmq    103.2us  486GB/s (eager 107)
  n=   16  stock_mmvq   1064.0us   47GB/s (eager 1069) | stock_mmq    440.3us  114GB/s (eager 449) | stock_dq    709.8us   71GB/s (eager 716) | lcpp_mmq    109.6us  458GB/s (eager 116)
  n=   32  stock_mmq    853.4us   59GB/s (eager 874) | stock_dq    713.0us   70GB/s (eager 719) | lcpp_mmq    124.2us  404GB/s (eager 131)
  n=  128  stock_mmq   3338.9us   15GB/s (eager 3328) | stock_dq    822.5us   61GB/s (eager 822) | lcpp_mmq    303.1us  165GB/s (eager 312)
  n= 2048  stock_mmq  52277.9us    1GB/s (eager 52380) | stock_dq   5354.9us    9GB/s (eager 5359) | lcpp_mmq   4193.1us   12GB/s (eager 4214)

Q4_K 248320x5120 (715.2 MB)
  n=    1  stock_mmvq    952.6us  751GB/s (eager 955) | stock_mmq   1436.8us  498GB/s (eager 1462) | stock_dq   9868.7us   72GB/s (eager 9866) | lcpp_mmvq    940.6us  760GB/s (eager 879) | lcpp_mmq   1139.2us  628GB/s (eager 1134)
  n=    2  stock_mmvq   1896.3us  377GB/s (eager 1914) | stock_mmq   1469.9us  487GB/s (eager 1441) | stock_dq   9857.8us   73GB/s (eager 9871) | lcpp_mmvq    985.4us  726GB/s (eager 927) | lcpp_mmq   1146.6us  624GB/s (eager 1140)
  n=    4  stock_mmvq   3787.3us  189GB/s (eager 3829) | stock_mmq   1477.2us  484GB/s (eager 1459) | stock_dq   9867.7us   72GB/s (eager 9882) | lcpp_mmvq   1376.8us  519GB/s (eager 1312) | lcpp_mmq   1151.2us  621GB/s (eager 1150)
  n=    8  stock_mmvq   7607.1us   94GB/s (eager 7738) | stock_mmq   2904.3us  246GB/s (eager 2900) | stock_dq   9892.9us   72GB/s (eager 9895) | lcpp_mmvq   2270.8us  315GB/s (eager 2170) | lcpp_mmq   1164.0us  614GB/s (eager 1162)
  n=   16  stock_mmvq  15394.3us   46GB/s (eager 15177) | stock_mmq   5776.5us  124GB/s (eager 5914) | stock_dq   9921.1us   72GB/s (eager 9924) | lcpp_mmq   1293.6us  553GB/s (eager 1262)
  n=   32  stock_mmq  11597.3us   62GB/s (eager 11857) | stock_dq  10024.2us   71GB/s (eager 10013) | lcpp_mmq   1591.9us  449GB/s (eager 1540)
  n=  128  stock_mmq  46656.2us   15GB/s (eager 46793) | stock_dq  11470.8us   62GB/s (eager 11472) | lcpp_mmq   3723.8us  192GB/s (eager 3617)
  n= 2048  stock_mmq 746752.6us    1GB/s (eager 747686) | stock_dq  76691.8us    9GB/s (eager 76714) | lcpp_mmq  55421.3us   13GB/s (eager 55309)
rc=0
