........................................................................ [  2%]
........................................................................ [  5%]
........s......s.............s......s.............s......s.............s [  7%]
......s.............s......s.............s......s.............s......s.. [ 10%]
...........s......s.............s......s.............s......s........... [ 13%]
..s......s.............s......s.............s......s.............s...... [ 15%]
s.............s......s.............s......s.............s......s........ [ 18%]
.....s......s.............s......s.............s......s.............s... [ 20%]
...s.............s......s.............s......s.............s......s..... [ 23%]
........s......s.............s......s.............s......s.............s [ 26%]
......s.............s......s.............s......s.............s......s.. [ 28%]
...........s......s....................s...s................s...s....... [ 31%]
.........s...s................s...s................s...s................ [ 33%]
s...s................s...s................s...s................s...s.... [ 36%]
............s...s................s...s................s...s............. [ 39%]
...s...s................s...s................s...s................s...s. [ 41%]
........................................................................ [ 44%]
.....................................................s...s...s...s...s.. [ 46%]
.s...s...s.............................................................. [ 49%]
........................................................................ [ 52%]
........................................................................ [ 54%]
........................................................................ [ 57%]
........................................................................ [ 59%]
........................................................................ [ 62%]
........................................................................ [ 65%]
........................................................................ [ 67%]
........................................................................ [ 70%]
........................................................................ [ 72%]
........................................................................ [ 75%]
........................................................................ [ 78%]
........................................................................ [ 80%]
........................................................................ [ 83%]
........................................................................ [ 85%]
........................................................................ [ 88%]
........................................................................ [ 91%]
........................................................................ [ 93%]
........................................................................ [ 96%]
........................................................................ [ 98%]
................................                                         [100%]
=============================== warnings summary ===============================
tests/gpu/test_kernel_parity.py: 14 warnings
  /workspace/wt-final/.venv/lib/python3.12/site-packages/torch/jit/_script.py:365: DeprecationWarning: `torch.jit.script_method` is deprecated. Please switch to `torch.compile` or `torch.export`.
    warnings.warn(

tests/gpu/test_kernel_parity.py::test_dequantize[IQ3_S-float32]
  /workspace/wt-final/tests/gpu/test_kernel_parity.py:128: UserWarning: The given NumPy array is not writable, and PyTorch does not support non-writable tensors. This means writing to this tensor will result in undefined behavior. You may want to copy the array to protect its data or make it writable before converting it to a tensor. This type of warning will be suppressed for the rest of this program. (Triggered internally at /__w/pytorch/pytorch/torch/csrc/utils/tensor_numpy.cpp:213.)
    w = torch.from_numpy(np.ascontiguousarray(raw)).cuda()

-- Docs: https://docs.pytest.org/en/stable/how-to/capture-warnings.html
=========================== short test summary info ============================
SKIPPED [80] tests/gpu/test_kernel_parity.py:317: fp32 only: the reference is MMVQ on the GPU
SKIPPED [16] tests/gpu/test_kernel_parity.py:319: fp32 reference is MMVQ, which reads past this W (no in-bounds Q4_K/IQ2_S one)
SKIPPED [8] tests/gpu/test_kernel_parity.py:711: no block with a mixed-type attn_qkv/attn_gate pair on Route L types ('Q4_K', 'IQ3_S')
2664 passed, 104 skipped, 1337 deselected, 15 warnings in 100.74s (0:01:40)
