start 2026-09-30T01:30:45Z
VRAM after load: 22551 MiB, 24576 MiB
speed rc=0
ROW cohort C2 real prompts T=default | e2e=162.19 tok/s | decode(C/meanTPOT)=184.8 | tok/step=3.02 | meanTTFT=291.06 ms
ROW cohort C4 real prompts T=default | e2e=281.59 tok/s | decode(C/meanTPOT)=330.6 | tok/step=3.07 | meanTTFT=415.25 ms
ROW cohort C8 real prompts T=default | e2e=409.93 tok/s | decode(C/meanTPOT)=516.5 | tok/step=2.98 | meanTTFT=1110.21 ms
ROW cohort C1 real prompts T=0 | e2e=107.81 tok/s | decode(C/meanTPOT)=110.3 | tok/step=3.08 | meanTTFT=205.80 ms
ROW cohort C2 real prompts T=0 | e2e=168.98 tok/s | decode(C/meanTPOT)=192.7 | tok/step=3.04 | meanTTFT=290.63 ms
ROW cohort C4 real prompts T=0 | e2e=295.81 tok/s | decode(C/meanTPOT)=348.1 | tok/step=3.11 | meanTTFT=418.10 ms
ROW cohort C8 real prompts T=0 | e2e=429.07 tok/s | decode(C/meanTPOT)=541.3 | tok/step=2.99 | meanTTFT=1119.39 ms
ROW prefill len=8192 conc=1 seed=137439303 | 1248 tok/s | meanTTFT=6565.62 ms
ROW prefill len=8192 conc=2 seed=722961943 | 1460 tok/s | meanTTFT=11210.14 ms
ROW prefill len=65536 conc=1 seed=214400118 | 954 tok/s | meanTTFT=68667.80 ms
ROW prefill len=65536 conc=2 seed=147899312 | 976 tok/s | meanTTFT=134122.22 ms
ROW prefill len=180000 conc=1 seed=406559021 | 644 tok/s | meanTTFT=279592.64 ms
ROW MTP whole run | acceptance rate 0.6501 | mean accepted length 2.950 | per position 0.808 0.638 0.504
ROW clocks /workspace/runs/int2-ladder/clocks-decode-pass1.csv: 350 s busy, median SM 1740 MHz, mem 9501 MHz, 342.3 W, util 88%
ROW clocks /workspace/runs/int2-ladder/clocks-decode-pass2.csv: 358 s busy, median SM 1725 MHz, mem 9501 MHz, 344.0 W, util 88%
ROW clocks /workspace/runs/int2-ladder/clocks-prefill-180000-c1.csv: 558 s busy, median SM 1800 MHz, mem 9501 MHz, 347.9 W, util 97%
ROW clocks /workspace/runs/int2-ladder/clocks-prefill-65536-c1.csv: 137 s busy, median SM 1755 MHz, mem 9501 MHz, 348.3 W, util 96%
ROW clocks /workspace/runs/int2-ladder/clocks-prefill-65536-c2.csv: 269 s busy, median SM 1770 MHz, mem 9501 MHz, 346.6 W, util 100%
ROW clocks /workspace/runs/int2-ladder/clocks-prefill-8192-c1.csv: 52 s busy, median SM 1710 MHz, mem 9501 MHz, 347.3 W, util 96%
ROW clocks /workspace/runs/int2-ladder/clocks-prefill-8192-c2.csv: 46 s busy, median SM 1680 MHz, mem 9501 MHz, 348.1 W, util 98%
int2-ladder            c=1  110.3 ( 110.6) 3.08 tok/step  27.9 ms | c=2  192.7 ( 193.2) 3.04 tok/step  31.6 ms | c=4  348.1 ( 344.8) 3.11 tok/step  35.7 ms | c=8  541.3 ( 544.6) 2.99 tok/step  44.2 ms | acc 0.6501
end 2026-09-30T02:10:51Z
